application  StringAttribute required
    plan modifier: If the value of this attribute changes, Terraform will destroy and recreate the resource.
    validator: string length must be between 1 and 256
company_id  StringAttribute computed
config  SingleNestedAttribute required
config.allowed_topics  SingleNestedAttribute optional
    validator: Ensure that if an attribute is set, these are not set: "[<.competition,<.custom_evaluation,<.hallucination_completeness,<.hallucination_context_adherence,<.hallucination_context_relevance,<.hallucination_correctness,<.hallucination_task_adherence,<.language_mismatch,<.pii,<.prompt_injection,<.restricted_topics,<.sexism,<.sql_allowed_tables,<.sql_hallucination,<.sql_load,<.sql_read_only,<.sql_restricted_tables,<.toxicity]"
config.allowed_topics.topics  SetAttribute optional elem=basetypes.StringType
    validator: element value must satisfy all validations: string length must be between 1 and 256
    validator: set must contain at least 1 elements
    validator: set must contain at most 1024 elements
config.competition  SingleNestedAttribute optional
    validator: Ensure that if an attribute is set, these are not set: "[<.allowed_topics,<.custom_evaluation,<.hallucination_completeness,<.hallucination_context_adherence,<.hallucination_context_relevance,<.hallucination_correctness,<.hallucination_task_adherence,<.language_mismatch,<.pii,<.prompt_injection,<.restricted_topics,<.sexism,<.sql_allowed_tables,<.sql_hallucination,<.sql_load,<.sql_read_only,<.sql_restricted_tables,<.toxicity]"
config.competition.competitors  SetAttribute optional elem=basetypes.StringType
    validator: element value must satisfy all validations: string length must be between 1 and 256
    validator: set must contain at least 1 elements
    validator: set must contain at most 1024 elements
config.custom_evaluation  SingleNestedAttribute optional
    validator: Ensure that if an attribute is set, these are not set: "[<.allowed_topics,<.competition,<.hallucination_completeness,<.hallucination_context_adherence,<.hallucination_context_relevance,<.hallucination_correctness,<.hallucination_task_adherence,<.language_mismatch,<.pii,<.prompt_injection,<.restricted_topics,<.sexism,<.sql_allowed_tables,<.sql_hallucination,<.sql_load,<.sql_read_only,<.sql_restricted_tables,<.toxicity]"
config.custom_evaluation.examples  ListNestedAttribute optional
    validator: list must contain at most 100 elements
config.custom_evaluation.examples[].conversation  StringAttribute optional
    validator: string length must be at most 65536
config.custom_evaluation.examples[].score  Int64Attribute optional
    validator: value must be at least 0
config.custom_evaluation.instructions  StringAttribute optional
    validator: string length must be between 1 and 1048576
config.custom_evaluation.policy_type  StringAttribute optional
    validator: string length must be between 1 and 256
config.custom_evaluation.safe  StringAttribute optional
    validator: string length must be at most 65536
config.custom_evaluation.should_include_system_prompt  BoolAttribute optional
config.custom_evaluation.violates  StringAttribute optional
    validator: string length must be at most 65536
config.hallucination_completeness  SingleNestedAttribute optional
    validator: Ensure that if an attribute is set, these are not set: "[<.allowed_topics,<.competition,<.custom_evaluation,<.hallucination_context_adherence,<.hallucination_context_relevance,<.hallucination_correctness,<.hallucination_task_adherence,<.language_mismatch,<.pii,<.prompt_injection,<.restricted_topics,<.sexism,<.sql_allowed_tables,<.sql_hallucination,<.sql_load,<.sql_read_only,<.sql_restricted_tables,<.toxicity]"
config.hallucination_context_adherence  SingleNestedAttribute optional
    validator: Ensure that if an attribute is set, these are not set: "[<.allowed_topics,<.competition,<.custom_evaluation,<.hallucination_completeness,<.hallucination_context_relevance,<.hallucination_correctness,<.hallucination_task_adherence,<.language_mismatch,<.pii,<.prompt_injection,<.restricted_topics,<.sexism,<.sql_allowed_tables,<.sql_hallucination,<.sql_load,<.sql_read_only,<.sql_restricted_tables,<.toxicity]"
config.hallucination_context_relevance  SingleNestedAttribute optional
    validator: Ensure that if an attribute is set, these are not set: "[<.allowed_topics,<.competition,<.custom_evaluation,<.hallucination_completeness,<.hallucination_context_adherence,<.hallucination_correctness,<.hallucination_task_adherence,<.language_mismatch,<.pii,<.prompt_injection,<.restricted_topics,<.sexism,<.sql_allowed_tables,<.sql_hallucination,<.sql_load,<.sql_read_only,<.sql_restricted_tables,<.toxicity]"
config.hallucination_correctness  SingleNestedAttribute optional
    validator: Ensure that if an attribute is set, these are not set: "[<.allowed_topics,<.competition,<.custom_evaluation,<.hallucination_completeness,<.hallucination_context_adherence,<.hallucination_context_relevance,<.hallucination_task_adherence,<.language_mismatch,<.pii,<.prompt_injection,<.restricted_topics,<.sexism,<.sql_allowed_tables,<.sql_hallucination,<.sql_load,<.sql_read_only,<.sql_restricted_tables,<.toxicity]"
config.hallucination_task_adherence  SingleNestedAttribute optional
    validator: Ensure that if an attribute is set, these are not set: "[<.allowed_topics,<.competition,<.custom_evaluation,<.hallucination_completeness,<.hallucination_context_adherence,<.hallucination_context_relevance,<.hallucination_correctness,<.language_mismatch,<.pii,<.prompt_injection,<.restricted_topics,<.sexism,<.sql_allowed_tables,<.sql_hallucination,<.sql_load,<.sql_read_only,<.sql_restricted_tables,<.toxicity]"
config.language_mismatch  SingleNestedAttribute optional
    validator: Ensure that if an attribute is set, these are not set: "[<.allowed_topics,<.competition,<.custom_evaluation,<.hallucination_completeness,<.hallucination_context_adherence,<.hallucination_context_relevance,<.hallucination_correctness,<.hallucination_task_adherence,<.pii,<.prompt_injection,<.restricted_topics,<.sexism,<.sql_allowed_tables,<.sql_hallucination,<.sql_load,<.sql_read_only,<.sql_restricted_tables,<.toxicity]"
config.pii  SingleNestedAttribute optional
    validator: Ensure that if an attribute is set, these are not set: "[<.allowed_topics,<.competition,<.custom_evaluation,<.hallucination_completeness,<.hallucination_context_adherence,<.hallucination_context_relevance,<.hallucination_correctness,<.hallucination_task_adherence,<.language_mismatch,<.prompt_injection,<.restricted_topics,<.sexism,<.sql_allowed_tables,<.sql_hallucination,<.sql_load,<.sql_read_only,<.sql_restricted_tables,<.toxicity]"
config.pii.categories  SetAttribute optional elem=basetypes.StringType
    validator: element value must satisfy all validations: value must be one of: ["CREDIT_CARD" "EMAIL_ADDRESS" "IBAN_CODE" "PHONE_NUMBER" "US_SSN"]
    validator: set must contain at least 1 elements
    validator: set must contain at most 1024 elements
config.prompt_injection  SingleNestedAttribute optional
    validator: Ensure that if an attribute is set, these are not set: "[<.allowed_topics,<.competition,<.custom_evaluation,<.hallucination_completeness,<.hallucination_context_adherence,<.hallucination_context_relevance,<.hallucination_correctness,<.hallucination_task_adherence,<.language_mismatch,<.pii,<.restricted_topics,<.sexism,<.sql_allowed_tables,<.sql_hallucination,<.sql_load,<.sql_read_only,<.sql_restricted_tables,<.toxicity]"
config.prompt_injection.additional_context  StringAttribute optional
    validator: string length must be at most 65536
config.restricted_topics  SingleNestedAttribute optional
    validator: Ensure that if an attribute is set, these are not set: "[<.allowed_topics,<.competition,<.custom_evaluation,<.hallucination_completeness,<.hallucination_context_adherence,<.hallucination_context_relevance,<.hallucination_correctness,<.hallucination_task_adherence,<.language_mismatch,<.pii,<.prompt_injection,<.sexism,<.sql_allowed_tables,<.sql_hallucination,<.sql_load,<.sql_read_only,<.sql_restricted_tables,<.toxicity]"
config.restricted_topics.topics  SetAttribute optional elem=basetypes.StringType
    validator: element value must satisfy all validations: string length must be between 1 and 256
    validator: set must contain at least 1 elements
    validator: set must contain at most 1024 elements
config.sexism  SingleNestedAttribute optional
    validator: Ensure that if an attribute is set, these are not set: "[<.allowed_topics,<.competition,<.custom_evaluation,<.hallucination_completeness,<.hallucination_context_adherence,<.hallucination_context_relevance,<.hallucination_correctness,<.hallucination_task_adherence,<.language_mismatch,<.pii,<.prompt_injection,<.restricted_topics,<.sql_allowed_tables,<.sql_hallucination,<.sql_load,<.sql_read_only,<.sql_restricted_tables,<.toxicity]"
config.sql_allowed_tables  SingleNestedAttribute optional
    validator: Ensure that if an attribute is set, these are not set: "[<.allowed_topics,<.competition,<.custom_evaluation,<.hallucination_completeness,<.hallucination_context_adherence,<.hallucination_context_relevance,<.hallucination_correctness,<.hallucination_task_adherence,<.language_mismatch,<.pii,<.prompt_injection,<.restricted_topics,<.sexism,<.sql_hallucination,<.sql_load,<.sql_read_only,<.sql_restricted_tables,<.toxicity]"
config.sql_allowed_tables.tables  SetAttribute optional elem=basetypes.StringType
    validator: element value must satisfy all validations: string length must be between 1 and 256
    validator: set must contain at least 1 elements
    validator: set must contain at most 1024 elements
config.sql_hallucination  SingleNestedAttribute optional
    validator: Ensure that if an attribute is set, these are not set: "[<.allowed_topics,<.competition,<.custom_evaluation,<.hallucination_completeness,<.hallucination_context_adherence,<.hallucination_context_relevance,<.hallucination_correctness,<.hallucination_task_adherence,<.language_mismatch,<.pii,<.prompt_injection,<.restricted_topics,<.sexism,<.sql_allowed_tables,<.sql_load,<.sql_read_only,<.sql_restricted_tables,<.toxicity]"
config.sql_load  SingleNestedAttribute optional
    validator: Ensure that if an attribute is set, these are not set: "[<.allowed_topics,<.competition,<.custom_evaluation,<.hallucination_completeness,<.hallucination_context_adherence,<.hallucination_context_relevance,<.hallucination_correctness,<.hallucination_task_adherence,<.language_mismatch,<.pii,<.prompt_injection,<.restricted_topics,<.sexism,<.sql_allowed_tables,<.sql_hallucination,<.sql_read_only,<.sql_restricted_tables,<.toxicity]"
config.sql_load.allow_recursive_cte  BoolAttribute optional
config.sql_load.cte_limit  Int64Attribute optional
    validator: value must be at least 0
config.sql_load.join_limit  Int64Attribute optional
    validator: value must be at least 0
config.sql_read_only  SingleNestedAttribute optional
    validator: Ensure that if an attribute is set, these are not set: "[<.allowed_topics,<.competition,<.custom_evaluation,<.hallucination_completeness,<.hallucination_context_adherence,<.hallucination_context_relevance,<.hallucination_correctness,<.hallucination_task_adherence,<.language_mismatch,<.pii,<.prompt_injection,<.restricted_topics,<.sexism,<.sql_allowed_tables,<.sql_hallucination,<.sql_load,<.sql_restricted_tables,<.toxicity]"
config.sql_restricted_tables  SingleNestedAttribute optional
    validator: Ensure that if an attribute is set, these are not set: "[<.allowed_topics,<.competition,<.custom_evaluation,<.hallucination_completeness,<.hallucination_context_adherence,<.hallucination_context_relevance,<.hallucination_correctness,<.hallucination_task_adherence,<.language_mismatch,<.pii,<.prompt_injection,<.restricted_topics,<.sexism,<.sql_allowed_tables,<.sql_hallucination,<.sql_load,<.sql_read_only,<.toxicity]"
config.sql_restricted_tables.tables  SetAttribute optional elem=basetypes.StringType
    validator: element value must satisfy all validations: string length must be between 1 and 256
    validator: set must contain at least 1 elements
    validator: set must contain at most 1024 elements
config.toxicity  SingleNestedAttribute optional
    validator: Ensure that if an attribute is set, these are not set: "[<.allowed_topics,<.competition,<.custom_evaluation,<.hallucination_completeness,<.hallucination_context_adherence,<.hallucination_context_relevance,<.hallucination_correctness,<.hallucination_task_adherence,<.language_mismatch,<.pii,<.prompt_injection,<.restricted_topics,<.sexism,<.sql_allowed_tables,<.sql_hallucination,<.sql_load,<.sql_read_only,<.sql_restricted_tables]"
created_at  StringAttribute computed
created_by  StringAttribute computed
id  StringAttribute computed
    plan modifier: Once set, the value of this attribute in state will not change.
is_enabled  BoolAttribute optional computed
    default: value defaults to false
subsystem  StringAttribute required
    plan modifier: If the value of this attribute changes, Terraform will destroy and recreate the resource.
    validator: string length must be between 1 and 256
target  StringAttribute optional
    plan modifier: If the value of this attribute changes, Terraform will destroy and recreate the resource.
    validator: value must be one of: ["CONVERSATION" "PROMPT" "RESPONSE"]
threshold  Float64Attribute optional
    validator: value must be between 0.000000 and 1.000000
updated_at  StringAttribute computed
